define: q [Call: + Args: 1 [Call: + Args: 1 2 ] ]
